
> angular@0.0.0 start
> ng serve --host 0.0.0.0  --no-hmr --disable-host-check --port 3000

Warning: Running a server with --disable-host-check is a security risk. See https://medium.com/webpack/webpack-dev-server-middleware-security-issues-1489d950874a for more information.
The "disableHostCheck" option will not be used because it is not supported by the "@angular-devkit/build-angular:application" builder.
❯ Building...
✔ Building...
Browser bundles     
Initial chunk files  | Names            |  Raw size
polyfills.js         | polyfills        |  90.20 kB | 
main.js              | main             |  22.59 kB | 
styles.css           | styles           |  95 bytes | 

                     | Initial total    | 112.88 kB


Server bundles      
Initial chunk files  | Names            |  Raw size
polyfills.server.mjs | polyfills.server | 572.91 kB | 
chunk-6XEG6CM6.mjs   | -                |  23.02 kB | 
server.mjs           | server           |   1.39 kB | 
main.server.mjs      | main.server      | 800 bytes | 

Application bundle generation complete. [2.163 seconds]

Watch mode enabled. Watching for file changes...
NOTE: Raw file sizes do not reflect development server per-request transformations.
  ➜  Local:   http://localhost:3000/
  ➜  Network: http://172.17.0.2:3000/
❯ Changes detected. Rebuilding...
✔ Changes detected. Rebuilding...
Application bundle generation failed. [0.828 seconds]

▲ [WARNING] TS-998113: RouterOutlet is not used within the template of AppComponent [plugin angular-compiler]

    src/app/app.component.ts:19:4:
      19 │     RouterOutlet,
         ╵     ~~~~~~~~~~~~


✘ [ERROR] NG9: This expression is not callable.
  Type 'Observable<string[]>' has no call signatures. [plugin angular-compiler]

    src/app/app.component.ts:32:25:
      32 │         [availableTags]="tags()"
         ╵                          ~~~~


✘ [ERROR] NG9: This expression is not callable.
  Type 'Observable<Note[]>' has no call signatures. [plugin angular-compiler]

    src/app/app.component.ts:36:22:
      36 │         @for (note of notes(); track note.id) {
         ╵                       ~~~~~


✘ [ERROR] NG8002: Can't bind to 'selected' since it isn't a known property of 'mat-chip'.
1. If 'mat-chip' is an Angular component and it has 'selected' input, then verify that it is included in the '@Component.imports' of this component.
2. If 'mat-chip' is a Web Component then add 'CUSTOM_ELEMENTS_SCHEMA' to the '@Component.schemas' of this component to suppress this message.
3. To allow any property add 'NO_ERRORS_SCHEMA' to the '@Component.schemas' of this component. [plugin angular-compiler]

    src/app/components/tag-filter/tag-filter.component.ts:13:10:
      13 │           [selected]="selectedTags.includes(tag)"
         ╵           ~~~~~~~~~~~~~~~~~~~~~~~~~~~~~~~~~~~~~~~


❯ Changes detected. Rebuilding...
✔ Changes detected. Rebuilding...
Application bundle generation failed. [0.011 seconds]

▲ [WARNING] TS-998113: RouterOutlet is not used within the template of AppComponent [plugin angular-compiler]

    src/app/app.component.ts:19:4:
      19 │     RouterOutlet,
         ╵     ~~~~~~~~~~~~


✘ [ERROR] NG9: This expression is not callable.
  Type 'Observable<string[]>' has no call signatures. [plugin angular-compiler]

    src/app/app.component.ts:32:25:
      32 │         [availableTags]="tags()"
         ╵                          ~~~~


✘ [ERROR] NG9: This expression is not callable.
  Type 'Observable<Note[]>' has no call signatures. [plugin angular-compiler]

    src/app/app.component.ts:36:22:
      36 │         @for (note of notes(); track note.id) {
         ╵                       ~~~~~


✘ [ERROR] NG8002: Can't bind to 'selected' since it isn't a known property of 'mat-chip'.
1. If 'mat-chip' is an Angular component and it has 'selected' input, then verify that it is included in the '@Component.imports' of this component.
2. If 'mat-chip' is a Web Component then add 'CUSTOM_ELEMENTS_SCHEMA' to the '@Component.schemas' of this component to suppress this message.
3. To allow any property add 'NO_ERRORS_SCHEMA' to the '@Component.schemas' of this component. [plugin angular-compiler]

    src/app/components/tag-filter/tag-filter.component.ts:13:10:
      13 │           [selected]="selectedTags.includes(tag)"
         ╵           ~~~~~~~~~~~~~~~~~~~~~~~~~~~~~~~~~~~~~~~


❯ Changes detected. Rebuilding...
✔ Changes detected. Rebuilding...
Application bundle generation failed. [0.469 seconds]

▲ [WARNING] Duplicate member "noteService" in class body [duplicate-class-member]

    src/app/app.component.ts:34:4:
      34 │     noteService = inject(NoteService);
         ╵     ~~~~~~~~~~~

  The original member "noteService" is here:

    src/app/app.component.ts:32:4:
      32 │     noteService = inject(NoteService);
         ╵     ~~~~~~~~~~~


▲ [WARNING] Duplicate member "dialog" in class body [duplicate-class-member]

    src/app/app.component.ts:35:4:
      35 │     dialog = inject(MatDialog);
         ╵     ~~~~~~

  The original member "dialog" is here:

    src/app/app.component.ts:33:4:
      33 │     dialog = inject(MatDialog);
         ╵     ~~~~~~


▲ [WARNING] Duplicate member "noteService" in class body [duplicate-class-member]

    src/app/app.component.ts:34:4:
      34 │     noteService = inject(NoteService);
         ╵     ~~~~~~~~~~~

  The original member "noteService" is here:

    src/app/app.component.ts:32:4:
      32 │     noteService = inject(NoteService);
         ╵     ~~~~~~~~~~~


▲ [WARNING] Duplicate member "dialog" in class body [duplicate-class-member]

    src/app/app.component.ts:35:4:
      35 │     dialog = inject(MatDialog);
         ╵     ~~~~~~

  The original member "dialog" is here:

    src/app/app.component.ts:33:4:
      33 │     dialog = inject(MatDialog);
         ╵     ~~~~~~


✘ [ERROR] TS2300: Duplicate identifier 'noteService'. [plugin angular-compiler]

    src/app/app.component.ts:102:10:
      102 │   private noteService = inject(NoteService);
          ╵           ~~~~~~~~~~~


✘ [ERROR] TS2300: Duplicate identifier 'dialog'. [plugin angular-compiler]

    src/app/app.component.ts:103:10:
      103 │   private dialog = inject(MatDialog);
          ╵           ~~~~~~


✘ [ERROR] NG8002: Can't bind to 'selected' since it isn't a known property of 'mat-chip'.
1. If 'mat-chip' is an Angular component and it has 'selected' input, then verify that it is included in the '@Component.imports' of this component.
2. If 'mat-chip' is a Web Component then add 'CUSTOM_ELEMENTS_SCHEMA' to the '@Component.schemas' of this component to suppress this message.
3. To allow any property add 'NO_ERRORS_SCHEMA' to the '@Component.schemas' of this component. [plugin angular-compiler]

    src/app/components/tag-filter/tag-filter.component.ts:13:10:
      13 │           [selected]="selectedTags.includes(tag)"
         ╵           ~~~~~~~~~~~~~~~~~~~~~~~~~~~~~~~~~~~~~~~


❯ Changes detected. Rebuilding...
✔ Changes detected. Rebuilding...
Application bundle generation failed. [0.346 seconds]

▲ [WARNING] Duplicate member "noteService" in class body [duplicate-class-member]

    src/app/app.component.ts:34:4:
      34 │     noteService = inject(NoteService);
         ╵     ~~~~~~~~~~~

  The original member "noteService" is here:

    src/app/app.component.ts:32:4:
      32 │     noteService = inject(NoteService);
         ╵     ~~~~~~~~~~~


▲ [WARNING] Duplicate member "dialog" in class body [duplicate-class-member]

    src/app/app.component.ts:35:4:
      35 │     dialog = inject(MatDialog);
         ╵     ~~~~~~

  The original member "dialog" is here:

    src/app/app.component.ts:33:4:
      33 │     dialog = inject(MatDialog);
         ╵     ~~~~~~


▲ [WARNING] Duplicate member "noteService" in class body [duplicate-class-member]

    src/app/app.component.ts:34:4:
      34 │     noteService = inject(NoteService);
         ╵     ~~~~~~~~~~~

  The original member "noteService" is here:

    src/app/app.component.ts:32:4:
      32 │     noteService = inject(NoteService);
         ╵     ~~~~~~~~~~~


▲ [WARNING] Duplicate member "dialog" in class body [duplicate-class-member]

    src/app/app.component.ts:35:4:
      35 │     dialog = inject(MatDialog);
         ╵     ~~~~~~

  The original member "dialog" is here:

    src/app/app.component.ts:33:4:
      33 │     dialog = inject(MatDialog);
         ╵     ~~~~~~


✘ [ERROR] TS2300: Duplicate identifier 'noteService'. [plugin angular-compiler]

    src/app/app.component.ts:102:10:
      102 │   private noteService = inject(NoteService);
          ╵           ~~~~~~~~~~~


✘ [ERROR] TS2300: Duplicate identifier 'dialog'. [plugin angular-compiler]

    src/app/app.component.ts:103:10:
      103 │   private dialog = inject(MatDialog);
          ╵           ~~~~~~


❯ Changes detected. Rebuilding...
✔ Changes detected. Rebuilding...
Application bundle generation failed. [0.248 seconds]

▲ [WARNING] Duplicate member "noteService" in class body [duplicate-class-member]

    src/app/app.component.ts:34:4:
      34 │     noteService = inject(NoteService);
         ╵     ~~~~~~~~~~~

  The original member "noteService" is here:

    src/app/app.component.ts:32:4:
      32 │     noteService = inject(NoteService);
         ╵     ~~~~~~~~~~~


▲ [WARNING] Duplicate member "dialog" in class body [duplicate-class-member]

    src/app/app.component.ts:35:4:
      35 │     dialog = inject(MatDialog);
         ╵     ~~~~~~

  The original member "dialog" is here:

    src/app/app.component.ts:33:4:
      33 │     dialog = inject(MatDialog);
         ╵     ~~~~~~


▲ [WARNING] Duplicate member "noteService" in class body [duplicate-class-member]

    src/app/app.component.ts:34:4:
      34 │     noteService = inject(NoteService);
         ╵     ~~~~~~~~~~~

  The original member "noteService" is here:

    src/app/app.component.ts:32:4:
      32 │     noteService = inject(NoteService);
         ╵     ~~~~~~~~~~~


▲ [WARNING] Duplicate member "dialog" in class body [duplicate-class-member]

    src/app/app.component.ts:35:4:
      35 │     dialog = inject(MatDialog);
         ╵     ~~~~~~

  The original member "dialog" is here:

    src/app/app.component.ts:33:4:
      33 │     dialog = inject(MatDialog);
         ╵     ~~~~~~


✘ [ERROR] TS2300: Duplicate identifier 'noteService'. [plugin angular-compiler]

    src/app/app.component.ts:102:10:
      102 │   private noteService = inject(NoteService);
          ╵           ~~~~~~~~~~~


✘ [ERROR] TS2300: Duplicate identifier 'dialog'. [plugin angular-compiler]

    src/app/app.component.ts:103:10:
      103 │   private dialog = inject(MatDialog);
          ╵           ~~~~~~


❯ Changes detected. Rebuilding...
✔ Changes detected. Rebuilding...
Application bundle generation failed. [0.366 seconds]

▲ [WARNING] Duplicate member "noteService" in class body [duplicate-class-member]

    src/app/app.component.ts:34:4:
      34 │     noteService = inject(NoteService);
         ╵     ~~~~~~~~~~~

  The original member "noteService" is here:

    src/app/app.component.ts:32:4:
      32 │     noteService = inject(NoteService);
         ╵     ~~~~~~~~~~~


▲ [WARNING] Duplicate member "dialog" in class body [duplicate-class-member]

    src/app/app.component.ts:35:4:
      35 │     dialog = inject(MatDialog);
         ╵     ~~~~~~

  The original member "dialog" is here:

    src/app/app.component.ts:33:4:
      33 │     dialog = inject(MatDialog);
         ╵     ~~~~~~


▲ [WARNING] Duplicate member "noteService" in class body [duplicate-class-member]

    src/app/app.component.ts:34:4:
      34 │     noteService = inject(NoteService);
         ╵     ~~~~~~~~~~~

  The original member "noteService" is here:

    src/app/app.component.ts:32:4:
      32 │     noteService = inject(NoteService);
         ╵     ~~~~~~~~~~~


▲ [WARNING] Duplicate member "dialog" in class body [duplicate-class-member]

    src/app/app.component.ts:35:4:
      35 │     dialog = inject(MatDialog);
         ╵     ~~~~~~

  The original member "dialog" is here:

    src/app/app.component.ts:33:4:
      33 │     dialog = inject(MatDialog);
         ╵     ~~~~~~


✘ [ERROR] TS2300: Duplicate identifier 'noteService'. [plugin angular-compiler]

    src/app/app.component.ts:102:10:
      102 │   private noteService = inject(NoteService);
          ╵           ~~~~~~~~~~~


✘ [ERROR] TS2300: Duplicate identifier 'dialog'. [plugin angular-compiler]

    src/app/app.component.ts:103:10:
      103 │   private dialog = inject(MatDialog);
          ╵           ~~~~~~


✘ [ERROR] TS2304: Cannot find name 'NoteDialogComponent'. [plugin angular-compiler]

    src/app/app.component.ts:122:39:
      122 │     const dialogRef = this.dialog.open(NoteDialogComponent, {
          ╵                                        ~~~~~~~~~~~~~~~~~~~


✘ [ERROR] TS2304: Cannot find name 'NoteDialogComponent'. [plugin angular-compiler]

    src/app/app.component.ts:134:39:
      134 │     const dialogRef = this.dialog.open(NoteDialogComponent, {
          ╵                                        ~~~~~~~~~~~~~~~~~~~


❯ Changes detected. Rebuilding...
✔ Changes detected. Rebuilding...
Application bundle generation failed. [0.460 seconds]

▲ [WARNING] TS-998113: NoteDialogComponent is not used within the template of AppComponent [plugin angular-compiler]

    src/app/app.component.ts:25:4:
      25 │     NoteDialogComponent
         ╵     ~~~~~~~~~~~~~~~~~~~


▲ [WARNING] Duplicate member "noteService" in class body [duplicate-class-member]

    src/app/app.component.ts:35:4:
      35 │     noteService = inject(NoteService);
         ╵     ~~~~~~~~~~~

  The original member "noteService" is here:

    src/app/app.component.ts:33:4:
      33 │     noteService = inject(NoteService);
         ╵     ~~~~~~~~~~~


▲ [WARNING] Duplicate member "dialog" in class body [duplicate-class-member]

    src/app/app.component.ts:36:4:
      36 │     dialog = inject(MatDialog);
         ╵     ~~~~~~

  The original member "dialog" is here:

    src/app/app.component.ts:34:4:
      34 │     dialog = inject(MatDialog);
         ╵     ~~~~~~


▲ [WARNING] Duplicate member "noteService" in class body [duplicate-class-member]

    src/app/app.component.ts:35:4:
      35 │     noteService = inject(NoteService);
         ╵     ~~~~~~~~~~~

  The original member "noteService" is here:

    src/app/app.component.ts:33:4:
      33 │     noteService = inject(NoteService);
         ╵     ~~~~~~~~~~~


▲ [WARNING] Duplicate member "dialog" in class body [duplicate-class-member]

    src/app/app.component.ts:36:4:
      36 │     dialog = inject(MatDialog);
         ╵     ~~~~~~

  The original member "dialog" is here:

    src/app/app.component.ts:34:4:
      34 │     dialog = inject(MatDialog);
         ╵     ~~~~~~


✘ [ERROR] TS2300: Duplicate identifier 'noteService'. [plugin angular-compiler]

    src/app/app.component.ts:104:10:
      104 │   private noteService = inject(NoteService);
          ╵           ~~~~~~~~~~~


✘ [ERROR] TS2300: Duplicate identifier 'dialog'. [plugin angular-compiler]

    src/app/app.component.ts:105:10:
      105 │   private dialog = inject(MatDialog);
          ╵           ~~~~~~


✘ [ERROR] NG8001: 'mat-icon' is not a known element:
1. If 'mat-icon' is an Angular component, then verify that it is included in the '@Component.imports' of this component.
2. If 'mat-icon' is a Web Component then add 'CUSTOM_ELEMENTS_SCHEMA' to the '@Component.schemas' of this component to suppress this message. [plugin angular-compiler]

    src/app/components/note-dialog/note-dialog.component.ts:68:16:
      68 │                 <mat-icon>cancel</mat-icon>
         ╵                 ~~~~~~~~~~


❯ Changes detected. Rebuilding...
✔ Changes detected. Rebuilding...
Application bundle generation failed. [0.405 seconds]

▲ [WARNING] TS-998113: NoteDialogComponent is not used within the template of AppComponent [plugin angular-compiler]

    src/app/app.component.ts:25:4:
      25 │     NoteDialogComponent
         ╵     ~~~~~~~~~~~~~~~~~~~


✘ [ERROR] NG8001: 'mat-icon' is not a known element:
1. If 'mat-icon' is an Angular component, then verify that it is included in the '@Component.imports' of this component.
2. If 'mat-icon' is a Web Component then add 'CUSTOM_ELEMENTS_SCHEMA' to the '@Component.schemas' of this component to suppress this message. [plugin angular-compiler]

    src/app/components/note-dialog/note-dialog.component.ts:68:16:
      68 │                 <mat-icon>cancel</mat-icon>
         ╵                 ~~~~~~~~~~


